[dotenv@17.3.1] injecting env (13) from server\.env -- tip: ≡ƒ¢á∩╕Å  run anywhere with `dotenvx run -- yourcommand`
Base: https://api.mayar.id/hl/v1
Key: Γ£à (eyJhbGciOiJSUzI1NiIs...)

=== Test 1: GET /invoice ===
Status: 200
Body: {"statusCode":200,"messages":"success","hasMore":false,"pageCount":0,"pageSize":10,"page":1,"data":[],"total":0}

=== Test 2: POST /invoice (JSON) ===
Payload: {"name":"Test Customer","amount":50000,"description":"Test invoice from Node.js","redirectUrl":"https://mengundanganda.fun/payment/success"}
Status: 404
Body: {"status_code":404,"messages":"Not Found"}

=== Test 3: POST /invoice (with items) ===
Payload: {"name":"Test Customer","description":"Test invoice with items","redirectUrl":"https://mengundanganda.fun/payment/success","items":[{"quantity":1,"rate":50000,"description":"Undangan Premium"}]}
Status: 404
Body: {"status_code":404,"messages":"Not Found"}

=== Test 4: POST /invoice (FormData) ===
Status: 404
Body: {"status_code":404,"messages":"Not Found"}
